\BOOKMARK [1][-]{section.1}{\376\377\000O\000v\000e\000r\000v\000i\000e\000w}{}% 1
\BOOKMARK [1][-]{section.2}{\376\377\000S\000h\000a\000r\000e\000d\000\040\000A\000i\000m\000\040\000a\000n\000d\000\040\000I\000n\000p\000u\000t\000s}{}% 2
\BOOKMARK [1][-]{section.3}{\376\377\000P\000a\000r\000t\000\040\000I\000:\000\040\000W\000a\000r\000d\000\040\000C\000l\000u\000s\000t\000e\000r\000i\000n\000g\000\040\000+\000\040\000L\000D\000A}{}% 3
\BOOKMARK [2][-]{subsection.3.1}{\376\377\000W\000h\000a\000t\000\040\000w\000a\000s\000\040\000d\000o\000n\000e}{section.3}% 4
\BOOKMARK [2][-]{subsection.3.2}{\376\377\000H\000o\000w\000\040\000t\000h\000i\000s\000\040\000r\000o\000u\000t\000e\000\040\000s\000h\000o\000u\000l\000d\000\040\000b\000e\000\040\000i\000n\000t\000e\000r\000p\000r\000e\000t\000e\000d}{section.3}% 5
\BOOKMARK [1][-]{section.4}{\376\377\000P\000a\000r\000t\000\040\000I\000I\000:\000\040\000M\000R\000T}{}% 6
\BOOKMARK [2][-]{subsection.4.1}{\376\377\000W\000h\000a\000t\000\040\000w\000a\000s\000\040\000d\000o\000n\000e}{section.4}% 7
\BOOKMARK [2][-]{subsection.4.2}{\376\377\000H\000o\000w\000\040\000t\000h\000i\000s\000\040\000r\000o\000u\000t\000e\000\040\000s\000h\000o\000u\000l\000d\000\040\000b\000e\000\040\000i\000n\000t\000e\000r\000p\000r\000e\000t\000e\000d}{section.4}% 8
\BOOKMARK [1][-]{section.5}{\376\377\000P\000a\000r\000t\000\040\000I\000I\000I\000:\000\040\000M\000R\000T\000\040\000U\000n\000d\000e\000r\000\040\000D\000i\000f\000f\000e\000r\000e\000n\000t\000\040\000T\000a\000x\000a\000\040\000T\000r\000a\000n\000s\000f\000o\000r\000m\000a\000t\000i\000o\000n\000s}{}% 9
\BOOKMARK [2][-]{subsection.5.1}{\376\377\000W\000h\000a\000t\000\040\000t\000h\000e\000\040\000s\000c\000r\000i\000p\000t\000\040\000d\000o\000e\000s}{section.5}% 10
\BOOKMARK [2][-]{subsection.5.2}{\376\377\000W\000h\000a\000t\000\040\000h\000a\000s\000\040\000a\000l\000r\000e\000a\000d\000y\000\040\000b\000e\000e\000n\000\040\000p\000r\000o\000d\000u\000c\000e\000d}{section.5}% 11
\BOOKMARK [1][-]{section.6}{\376\377\000E\000x\000p\000l\000o\000r\000a\000t\000o\000r\000y\000\040\000E\000n\000v\000i\000r\000o\000n\000m\000e\000n\000t\000a\000l\000-\000H\000o\000m\000o\000g\000e\000n\000e\000i\000t\000y\000\040\000C\000h\000e\000c\000k}{}% 12
\BOOKMARK [2][-]{subsection.6.1}{\376\377\000W\000h\000a\000t\000\040\000w\000a\000s\000\040\000a\000c\000t\000u\000a\000l\000l\000y\000\040\000d\000o\000n\000e}{section.6}% 13
\BOOKMARK [2][-]{subsection.6.2}{\376\377\000W\000h\000a\000t\000\040\000w\000a\000s\000\040\000n\000o\000t\000\040\000y\000e\000t\000\040\000d\000o\000n\000e}{section.6}% 14
\BOOKMARK [2][-]{subsection.6.3}{\376\377\000P\000o\000t\000e\000n\000t\000i\000a\000l\000\040\000u\000n\000d\000e\000r\000-\000c\000o\000n\000s\000t\000r\000u\000c\000t\000i\000o\000n\000\040\000d\000i\000r\000e\000c\000t\000i\000o\000n\000s}{section.6}% 15
\BOOKMARK [1][-]{section.7}{\376\377\000F\000i\000g\000u\000r\000e\000s\000\040\000f\000r\000o\000m\000\040\000t\000h\000e\000\040\000C\000u\000r\000r\000e\000n\000t\000\040\000S\000t\000a\000g\000e\000\040\0002\000\040\000O\000u\000t\000p\000u\000t\000s}{}% 16
\BOOKMARK [2][-]{subsection.7.1}{\376\377\000E\000n\000v\000i\000r\000o\000n\000m\000e\000n\000t\000a\000l\000\040\000c\000o\000m\000p\000a\000r\000i\000s\000o\000n\000\040\000f\000i\000g\000u\000r\000e\000s}{section.7}% 17
\BOOKMARK [2][-]{subsection.7.2}{\376\377\000T\000a\000x\000a\000\040\000c\000o\000m\000p\000a\000r\000i\000s\000o\000n\000\040\000f\000i\000g\000u\000r\000e\000s}{section.7}% 18
\BOOKMARK [2][-]{subsection.7.3}{\376\377\000M\000R\000T\000\040\000t\000r\000a\000n\000s\000f\000o\000r\000m\000\040\000c\000o\000m\000p\000a\000r\000i\000s\000o\000n\000\040\000f\000i\000g\000u\000r\000e\000s}{section.7}% 19
\BOOKMARK [1][-]{section.8}{\376\377\000S\000u\000m\000m\000a\000r\000y}{}% 20
