This is pdfTeX, Version 3.141592653-2.6-1.40.27 (TeX Live 2025) (preloaded format=pdflatex 2025.7.21)  5 MAR 2026 23:00
entering extended mode
 restricted \write18 enabled.
 file:line:error style messages enabled.
 %&-line parsing enabled.
**/Users/gufeng/2025_Winter/Thesis_Project/ThesisProject/Project_Code/writing/Summary_Mar_5/build/doc_summary.tex
(/Users/gufeng/2025_Winter/Thesis_Project/ThesisProject/Project_Code/writing/Summary_Mar_5/build/doc_summary.tex
LaTeX2e <2024-11-01> patch level 2
L3 programming layer <2025-01-18>
(/usr/local/texlive/2025basic/texmf-dist/tex/latex/base/article.cls
Document Class: article 2024/06/29 v1.4n Standard LaTeX document class
(/usr/local/texlive/2025basic/texmf-dist/tex/latex/base/size11.clo
File: size11.clo 2024/06/29 v1.4n Standard LaTeX file (size option)
)
\c@part=\count196
\c@section=\count197
\c@subsection=\count198
\c@subsubsection=\count199
\c@paragraph=\count266
\c@subparagraph=\count267
\c@figure=\count268
\c@table=\count269
\abovecaptionskip=\skip49
\belowcaptionskip=\skip50
\bibindent=\dimen141
) (/usr/local/texlive/2025basic/texmf-dist/tex/latex/base/inputenc.sty
Package: inputenc 2024/02/08 v1.3d Input encoding file
\inpenc@prehook=\toks17
\inpenc@posthook=\toks18
) (/usr/local/texlive/2025basic/texmf-dist/tex/generic/babel/babel.sty
Package: babel 2025/02/14 v25.4 The multilingual framework for pdfLaTeX, LuaLaTeX and XeLaTeX
\babel@savecnt=\count270
\U@D=\dimen142
\l@unhyphenated=\language23
 (/usr/local/texlive/2025basic/texmf-dist/tex/generic/babel/txtbabel.def)
\bbl@readstream=\read2
\bbl@dirlevel=\count271
 (/usr/local/texlive/2025basic/texmf-dist/tex/generic/babel-english/english.ldf
Language: english 2017/06/06 v3.3r English support from the babel system
Package babel Info: Hyphen rules for 'canadian' set to \l@english
(babel)             (\language0). Reported on input line 102.
Package babel Info: Hyphen rules for 'australian' set to \l@ukenglish
(babel)             (\language7). Reported on input line 105.
Package babel Info: Hyphen rules for 'newzealand' set to \l@ukenglish
(babel)             (\language7). Reported on input line 108.
)) (/usr/local/texlive/2025basic/texmf-dist/tex/generic/babel/locale/en/babel-english.tex
Package babel Info: Importing font and identification data for english
(babel)             from babel-en.ini. Reported on input line 11.
) (/usr/local/texlive/2025basic/texmf-dist/tex/latex/geometry/geometry.sty
Package: geometry 2020/01/02 v5.9 Page Geometry
 (/usr/local/texlive/2025basic/texmf-dist/tex/latex/graphics/keyval.sty
Package: keyval 2022/05/29 v1.15 key=value parser (DPC)
\KV@toks@=\toks19
) (/usr/local/texlive/2025basic/texmf-dist/tex/generic/iftex/ifvtex.sty
Package: ifvtex 2019/10/25 v1.7 ifvtex legacy package. Use iftex instead.
 (/usr/local/texlive/2025basic/texmf-dist/tex/generic/iftex/iftex.sty
Package: iftex 2024/12/12 v1.0g TeX engine tests
))
\Gm@cnth=\count272
\Gm@cntv=\count273
\c@Gm@tempcnt=\count274
\Gm@bindingoffset=\dimen143
\Gm@wd@mp=\dimen144
\Gm@odd@mp=\dimen145
\Gm@even@mp=\dimen146
\Gm@layoutwidth=\dimen147
\Gm@layoutheight=\dimen148
\Gm@layouthoffset=\dimen149
\Gm@layoutvoffset=\dimen150
\Gm@dimlist=\toks20
) (/usr/local/texlive/2025basic/texmf-dist/tex/latex/amsmath/amsmath.sty
Package: amsmath 2024/11/05 v2.17t AMS math features
\@mathmargin=\skip51

For additional information on amsmath, use the `?' option.
(/usr/local/texlive/2025basic/texmf-dist/tex/latex/amsmath/amstext.sty
Package: amstext 2021/08/26 v2.01 AMS text
 (/usr/local/texlive/2025basic/texmf-dist/tex/latex/amsmath/amsgen.sty
File: amsgen.sty 1999/11/30 v2.0 generic functions
\@emptytoks=\toks21
\ex@=\dimen151
)) (/usr/local/texlive/2025basic/texmf-dist/tex/latex/amsmath/amsbsy.sty
Package: amsbsy 1999/11/29 v1.2d Bold Symbols
\pmbraise@=\dimen152
) (/usr/local/texlive/2025basic/texmf-dist/tex/latex/amsmath/amsopn.sty
Package: amsopn 2022/04/08 v2.04 operator names
)
\inf@bad=\count275
LaTeX Info: Redefining \frac on input line 233.
\uproot@=\count276
\leftroot@=\count277
LaTeX Info: Redefining \overline on input line 398.
LaTeX Info: Redefining \colon on input line 409.
\classnum@=\count278
\DOTSCASE@=\count279
LaTeX Info: Redefining \ldots on input line 495.
LaTeX Info: Redefining \dots on input line 498.
LaTeX Info: Redefining \cdots on input line 619.
\Mathstrutbox@=\box52
\strutbox@=\box53
LaTeX Info: Redefining \big on input line 721.
LaTeX Info: Redefining \Big on input line 722.
LaTeX Info: Redefining \bigg on input line 723.
LaTeX Info: Redefining \Bigg on input line 724.
\big@size=\dimen153
LaTeX Font Info:    Redeclaring font encoding OML on input line 742.
LaTeX Font Info:    Redeclaring font encoding OMS on input line 743.
\macc@depth=\count280
LaTeX Info: Redefining \bmod on input line 904.
LaTeX Info: Redefining \pmod on input line 909.
LaTeX Info: Redefining \smash on input line 939.
LaTeX Info: Redefining \relbar on input line 969.
LaTeX Info: Redefining \Relbar on input line 970.
\c@MaxMatrixCols=\count281
\dotsspace@=\muskip17
\c@parentequation=\count282
\dspbrk@lvl=\count283
\tag@help=\toks22
\row@=\count284
\column@=\count285
\maxfields@=\count286
\andhelp@=\toks23
\eqnshift@=\dimen154
\alignsep@=\dimen155
\tagshift@=\dimen156
\tagwidth@=\dimen157
\totwidth@=\dimen158
\lineht@=\dimen159
\@envbody=\toks24
\multlinegap=\skip52
\multlinetaggap=\skip53
\mathdisplay@stack=\toks25
LaTeX Info: Redefining \[ on input line 2953.
LaTeX Info: Redefining \] on input line 2954.
) (/usr/local/texlive/2025basic/texmf-dist/tex/latex/amsfonts/amssymb.sty
Package: amssymb 2013/01/14 v3.01 AMS font symbols
 (/usr/local/texlive/2025basic/texmf-dist/tex/latex/amsfonts/amsfonts.sty
Package: amsfonts 2013/01/14 v3.01 Basic AMSFonts support
\symAMSa=\mathgroup4
\symAMSb=\mathgroup5
LaTeX Font Info:    Redeclaring math symbol \hbar on input line 98.
LaTeX Font Info:    Overwriting math alphabet `\mathfrak' in version `bold'
(Font)                  U/euf/m/n --> U/euf/b/n on input line 106.
)) (/usr/local/texlive/2025basic/texmf-dist/tex/latex/booktabs/booktabs.sty
Package: booktabs 2020/01/12 v1.61803398 Publication quality tables
\heavyrulewidth=\dimen160
\lightrulewidth=\dimen161
\cmidrulewidth=\dimen162
\belowrulesep=\dimen163
\belowbottomsep=\dimen164
\aboverulesep=\dimen165
\abovetopsep=\dimen166
\cmidrulesep=\dimen167
\cmidrulekern=\dimen168
\defaultaddspace=\dimen169
\@cmidla=\count287
\@cmidlb=\count288
\@aboverulesep=\dimen170
\@belowrulesep=\dimen171
\@thisruleclass=\count289
\@lastruleclass=\count290
\@thisrulewidth=\dimen172
) (/usr/local/texlive/2025basic/texmf-dist/tex/latex/tools/longtable.sty
Package: longtable 2024-10-27 v4.22 Multi-page Table package (DPC)
\LTleft=\skip54
\LTright=\skip55
\LTpre=\skip56
\LTpost=\skip57
\LTchunksize=\count291
\LTcapwidth=\dimen173
\LT@head=\box54
\LT@firsthead=\box55
\LT@foot=\box56
\LT@lastfoot=\box57
\LT@gbox=\box58
\LT@cols=\count292
\LT@rows=\count293
\c@LT@tables=\count294
\c@LT@chunks=\count295
\LT@p@ftn=\toks26
) (/usr/local/texlive/2025basic/texmf-dist/tex/latex/tools/array.sty
Package: array 2024/10/17 v2.6g Tabular extension package (FMi)
\col@sep=\dimen174
\ar@mcellbox=\box59
\extrarowheight=\dimen175
\NC@list=\toks27
\extratabsurround=\skip58
\backup@length=\skip59
\ar@cellbox=\box60
) (/usr/local/texlive/2025basic/texmf-dist/tex/latex/multirow/multirow.sty
Package: multirow 2024/11/12 v2.9 Span multiple rows of a table
\multirow@colwidth=\skip60
\multirow@cntb=\count296
\multirow@dima=\skip61
\bigstrutjot=\dimen176
) (/usr/local/texlive/2025basic/texmf-dist/tex/latex/xcolor/xcolor.sty
Package: xcolor 2024/09/29 v3.02 LaTeX color extensions (UK)
 (/usr/local/texlive/2025basic/texmf-dist/tex/latex/graphics-cfg/color.cfg
File: color.cfg 2016/01/02 v1.6 sample color configuration
)
Package xcolor Info: Driver file: pdftex.def on input line 274.
 (/usr/local/texlive/2025basic/texmf-dist/tex/latex/graphics-def/pdftex.def
File: pdftex.def 2024/04/13 v1.2c Graphics/color driver for pdftex
) (/usr/local/texlive/2025basic/texmf-dist/tex/latex/graphics/mathcolor.ltx)
Package xcolor Info: Model `cmy' substituted by `cmy0' on input line 1349.
Package xcolor Info: Model `hsb' substituted by `rgb' on input line 1353.
Package xcolor Info: Model `RGB' extended on input line 1365.
Package xcolor Info: Model `HTML' substituted by `rgb' on input line 1367.
Package xcolor Info: Model `Hsb' substituted by `hsb' on input line 1368.
Package xcolor Info: Model `tHsb' substituted by `hsb' on input line 1369.
Package xcolor Info: Model `HSB' substituted by `hsb' on input line 1370.
Package xcolor Info: Model `Gray' substituted by `gray' on input line 1371.
Package xcolor Info: Model `wave' substituted by `hsb' on input line 1372.
) (/usr/local/texlive/2025basic/texmf-dist/tex/latex/colortbl/colortbl.sty
Package: colortbl 2024/07/06 v1.0i Color table columns (DPC)
\everycr=\toks28
\minrowclearance=\skip62
\rownum=\count297
) (/usr/local/texlive/2025basic/texmf-dist/tex/latex/enumitem/enumitem.sty
Package: enumitem 2025/02/06 v3.11 Customized lists
\labelindent=\skip63
\enit@outerparindent=\dimen177
\enit@toks=\toks29
\enit@inbox=\box61
\enit@count@id=\count298
\enitdp@description=\count299
) (/usr/local/texlive/2025basic/texmf-dist/tex/latex/hyperref/hyperref.sty
Package: hyperref 2024-11-05 v7.01l Hypertext links for LaTeX
 (/usr/local/texlive/2025basic/texmf-dist/tex/latex/kvsetkeys/kvsetkeys.sty
Package: kvsetkeys 2022-10-05 v1.19 Key value parser (HO)
) (/usr/local/texlive/2025basic/texmf-dist/tex/generic/kvdefinekeys/kvdefinekeys.sty
Package: kvdefinekeys 2019-12-19 v1.6 Define keys (HO)
) (/usr/local/texlive/2025basic/texmf-dist/tex/generic/pdfescape/pdfescape.sty
Package: pdfescape 2019/12/09 v1.15 Implements pdfTeX's escape features (HO)
 (/usr/local/texlive/2025basic/texmf-dist/tex/generic/ltxcmds/ltxcmds.sty
Package: ltxcmds 2023-12-04 v1.26 LaTeX kernel commands for general use (HO)
) (/usr/local/texlive/2025basic/texmf-dist/tex/generic/pdftexcmds/pdftexcmds.sty
Package: pdftexcmds 2020-06-27 v0.33 Utility functions of pdfTeX for LuaTeX (HO)
 (/usr/local/texlive/2025basic/texmf-dist/tex/generic/infwarerr/infwarerr.sty
Package: infwarerr 2019/12/03 v1.5 Providing info/warning/error messages (HO)
)
Package pdftexcmds Info: \pdf@primitive is available.
Package pdftexcmds Info: \pdf@ifprimitive is available.
Package pdftexcmds Info: \pdfdraftmode found.
)) (/usr/local/texlive/2025basic/texmf-dist/tex/latex/hycolor/hycolor.sty
Package: hycolor 2020-01-27 v1.10 Color options for hyperref/bookmark (HO)
) (/usr/local/texlive/2025basic/texmf-dist/tex/latex/hyperref/nameref.sty
Package: nameref 2023-11-26 v2.56 Cross-referencing by name of section
 (/usr/local/texlive/2025basic/texmf-dist/tex/latex/refcount/refcount.sty
Package: refcount 2019/12/15 v3.6 Data extraction from label references (HO)
) (/usr/local/texlive/2025basic/texmf-dist/tex/generic/gettitlestring/gettitlestring.sty
Package: gettitlestring 2019/12/15 v1.6 Cleanup title references (HO)
 (/usr/local/texlive/2025basic/texmf-dist/tex/latex/kvoptions/kvoptions.sty
Package: kvoptions 2022-06-15 v3.15 Key value format for package options (HO)
))
\c@section@level=\count300
) (/usr/local/texlive/2025basic/texmf-dist/tex/latex/etoolbox/etoolbox.sty
Package: etoolbox 2025/02/11 v2.5l e-TeX tools for LaTeX (JAW)
\etb@tempcnta=\count301
) (/usr/local/texlive/2025basic/texmf-dist/tex/generic/stringenc/stringenc.sty
Package: stringenc 2019/11/29 v1.12 Convert strings between diff. encodings (HO)
)
\@linkdim=\dimen178
\Hy@linkcounter=\count302
\Hy@pagecounter=\count303
 (/usr/local/texlive/2025basic/texmf-dist/tex/latex/hyperref/pd1enc.def
File: pd1enc.def 2024-11-05 v7.01l Hyperref: PDFDocEncoding definition (HO)
Now handling font encoding PD1 ...
... no UTF-8 mapping file for font encoding PD1
) (/usr/local/texlive/2025basic/texmf-dist/tex/generic/intcalc/intcalc.sty
Package: intcalc 2019/12/15 v1.3 Expandable calculations with integers (HO)
)
\Hy@SavedSpaceFactor=\count304
 (/usr/local/texlive/2025basic/texmf-dist/tex/latex/hyperref/puenc.def
File: puenc.def 2024-11-05 v7.01l Hyperref: PDF Unicode definition (HO)
Now handling font encoding PU ...
... no UTF-8 mapping file for font encoding PU
)
Package hyperref Info: Hyper figures OFF on input line 4157.
Package hyperref Info: Link nesting OFF on input line 4162.
Package hyperref Info: Hyper index ON on input line 4165.
Package hyperref Info: Plain pages OFF on input line 4172.
Package hyperref Info: Backreferencing OFF on input line 4177.
Package hyperref Info: Implicit mode ON; LaTeX internals redefined.
Package hyperref Info: Bookmarks ON on input line 4424.
\c@Hy@tempcnt=\count305
 (/usr/local/texlive/2025basic/texmf-dist/tex/latex/url/url.sty
\Urlmuskip=\muskip18
Package: url 2013/09/16  ver 3.4  Verb mode for urls, etc.
)
LaTeX Info: Redefining \url on input line 4763.
\XeTeXLinkMargin=\dimen179
 (/usr/local/texlive/2025basic/texmf-dist/tex/generic/bitset/bitset.sty
Package: bitset 2019/12/09 v1.3 Handle bit-vector datatype (HO)
 (/usr/local/texlive/2025basic/texmf-dist/tex/generic/bigintcalc/bigintcalc.sty
Package: bigintcalc 2019/12/15 v1.5 Expandable calculations on big integers (HO)
))
\Fld@menulength=\count306
\Field@Width=\dimen180
\Fld@charsize=\dimen181
Package hyperref Info: Hyper figures OFF on input line 6042.
Package hyperref Info: Link nesting OFF on input line 6047.
Package hyperref Info: Hyper index ON on input line 6050.
Package hyperref Info: backreferencing OFF on input line 6057.
Package hyperref Info: Link coloring OFF on input line 6062.
Package hyperref Info: Link coloring with OCG OFF on input line 6067.
Package hyperref Info: PDF/A mode OFF on input line 6072.
 (/usr/local/texlive/2025basic/texmf-dist/tex/latex/base/atbegshi-ltx.sty
Package: atbegshi-ltx 2021/01/10 v1.0c Emulation of the original atbegshi
package with kernel methods
)
\Hy@abspage=\count307
\c@Item=\count308
\c@Hfootnote=\count309
)
Package hyperref Info: Driver (autodetected): hpdftex.
 (/usr/local/texlive/2025basic/texmf-dist/tex/latex/hyperref/hpdftex.def
File: hpdftex.def 2024-11-05 v7.01l Hyperref driver for pdfTeX
 (/usr/local/texlive/2025basic/texmf-dist/tex/latex/base/atveryend-ltx.sty
Package: atveryend-ltx 2020/08/19 v1.0a Emulation of the original atveryend package
with kernel methods
)
\Fld@listcount=\count310
\c@bookmark@seq@number=\count311
 (/usr/local/texlive/2025basic/texmf-dist/tex/latex/rerunfilecheck/rerunfilecheck.sty
Package: rerunfilecheck 2022-07-10 v1.10 Rerun checks for auxiliary files (HO)
 (/usr/local/texlive/2025basic/texmf-dist/tex/generic/uniquecounter/uniquecounter.sty
Package: uniquecounter 2019/12/15 v1.4 Provide unlimited unique counter (HO)
)
Package uniquecounter Info: New unique counter `rerunfilecheck' on input line 285.
)
\Hy@SectionHShift=\skip64
) (/usr/local/texlive/2025basic/texmf-dist/tex/latex/cleveref/cleveref.sty
Package: cleveref 2018/03/27 v0.21.4 Intelligent cross-referencing
Package cleveref Info: `hyperref' support loaded on input line 2370.
LaTeX Info: Redefining \cref on input line 2370.
LaTeX Info: Redefining \Cref on input line 2370.
LaTeX Info: Redefining \crefrange on input line 2370.
LaTeX Info: Redefining \Crefrange on input line 2370.
LaTeX Info: Redefining \cpageref on input line 2370.
LaTeX Info: Redefining \Cpageref on input line 2370.
LaTeX Info: Redefining \cpagerefrange on input line 2370.
LaTeX Info: Redefining \Cpagerefrange on input line 2370.
LaTeX Info: Redefining \labelcref on input line 2370.
LaTeX Info: Redefining \labelcpageref on input line 2370.
) (/usr/local/texlive/2025basic/texmf-dist/tex/latex/caption/caption.sty
Package: caption 2023/08/05 v3.6o Customizing captions (AR)
 (/usr/local/texlive/2025basic/texmf-dist/tex/latex/caption/caption3.sty
Package: caption3 2023/07/31 v2.4d caption3 kernel (AR)
\caption@tempdima=\dimen182
\captionmargin=\dimen183
\caption@leftmargin=\dimen184
\caption@rightmargin=\dimen185
\caption@width=\dimen186
\caption@indent=\dimen187
\caption@parindent=\dimen188
\caption@hangindent=\dimen189
Package caption Info: Standard document class detected.
)
\c@caption@flags=\count312
\c@continuedfloat=\count313
Package caption Info: hyperref package is loaded.
Package caption Info: longtable package is loaded.
 (/usr/local/texlive/2025basic/texmf-dist/tex/latex/caption/ltcaption.sty
Package: ltcaption 2021/01/08 v1.4c longtable captions (AR)
)) (/usr/local/texlive/2025basic/texmf-dist/tex/latex/graphics/graphicx.sty
Package: graphicx 2021/09/16 v1.2d Enhanced LaTeX Graphics (DPC,SPQR)
 (/usr/local/texlive/2025basic/texmf-dist/tex/latex/graphics/graphics.sty
Package: graphics 2024/08/06 v1.4g Standard LaTeX Graphics (DPC,SPQR)
 (/usr/local/texlive/2025basic/texmf-dist/tex/latex/graphics/trig.sty
Package: trig 2023/12/02 v1.11 sin cos tan (DPC)
) (/usr/local/texlive/2025basic/texmf-dist/tex/latex/graphics-cfg/graphics.cfg
File: graphics.cfg 2016/06/04 v1.11 sample graphics configuration
)
Package graphics Info: Driver file: pdftex.def on input line 106.
)
\Gin@req@height=\dimen190
\Gin@req@width=\dimen191
) (/usr/local/texlive/2025basic/texmf-dist/tex/latex/tools/tabularx.sty
Package: tabularx 2023/12/11 v2.12a `tabularx' package (DPC)
\TX@col@width=\dimen192
\TX@old@table=\dimen193
\TX@old@col=\dimen194
\TX@target=\dimen195
\TX@delta=\dimen196
\TX@cols=\count314
\TX@ftn=\toks30
) (/usr/local/texlive/2025basic/texmf-dist/tex/latex/pdflscape/pdflscape.sty
Package: pdflscape 2022-10-27 v0.13 Display of landscape pages in PDF
 (/usr/local/texlive/2025basic/texmf-dist/tex/latex/pdflscape/pdflscape-nometadata.sty
Package: pdflscape-nometadata 2022-10-28 v0.13 Display of landscape pages in PDF (HO)
 (/usr/local/texlive/2025basic/texmf-dist/tex/latex/graphics/lscape.sty
Package: lscape 2020/05/28 v3.02 Landscape Pages (DPC)
)
Package pdflscape Info: Auto-detected driver: pdftex on input line 81.
))
Package hyperref Info: Option `colorlinks' set `true' on input line 31.
 (/usr/local/texlive/2025basic/texmf-dist/tex/latex/l3backend/l3backend-pdftex.def
File: l3backend-pdftex.def 2024-05-08 L3 backend support: PDF output (pdfTeX)
\l__color_backend_stack_int=\count315
\l__pdf_internal_box=\box62
) (./doc_summary.aux)
\openout1 = `doc_summary.aux'.

LaTeX Font Info:    Checking defaults for OML/cmm/m/it on input line 47.
LaTeX Font Info:    ... okay on input line 47.
LaTeX Font Info:    Checking defaults for OMS/cmsy/m/n on input line 47.
LaTeX Font Info:    ... okay on input line 47.
LaTeX Font Info:    Checking defaults for OT1/cmr/m/n on input line 47.
LaTeX Font Info:    ... okay on input line 47.
LaTeX Font Info:    Checking defaults for T1/cmr/m/n on input line 47.
LaTeX Font Info:    ... okay on input line 47.
LaTeX Font Info:    Checking defaults for TS1/cmr/m/n on input line 47.
LaTeX Font Info:    ... okay on input line 47.
LaTeX Font Info:    Checking defaults for OMX/cmex/m/n on input line 47.
LaTeX Font Info:    ... okay on input line 47.
LaTeX Font Info:    Checking defaults for U/cmr/m/n on input line 47.
LaTeX Font Info:    ... okay on input line 47.
LaTeX Font Info:    Checking defaults for PD1/pdf/m/n on input line 47.
LaTeX Font Info:    ... okay on input line 47.
LaTeX Font Info:    Checking defaults for PU/pdf/m/n on input line 47.
LaTeX Font Info:    ... okay on input line 47.

*geometry* driver: auto-detecting
*geometry* detected driver: pdftex
*geometry* verbose mode - [ preamble ] result:
* driver: pdftex
* paper: a4paper
* layout: <same size as paper>
* layoutoffset:(h,v)=(0.0pt,0.0pt)
* modes: 
* h-part:(L,W,R)=(72.26999pt, 452.9679pt, 72.26999pt)
* v-part:(T,H,B)=(72.26999pt, 700.50687pt, 72.26999pt)
* \paperwidth=597.50787pt
* \paperheight=845.04684pt
* \textwidth=452.9679pt
* \textheight=700.50687pt
* \oddsidemargin=0.0pt
* \evensidemargin=0.0pt
* \topmargin=-37.0pt
* \headheight=12.0pt
* \headsep=25.0pt
* \topskip=11.0pt
* \footskip=30.0pt
* \marginparwidth=50.0pt
* \marginparsep=10.0pt
* \columnsep=10.0pt
* \skip\footins=10.0pt plus 4.0pt minus 2.0pt
* \hoffset=0.0pt
* \voffset=0.0pt
* \mag=1000
* \@twocolumnfalse
* \@twosidefalse
* \@mparswitchfalse
* \@reversemarginfalse
* (1in=72.27pt=25.4mm, 1cm=28.453pt)

(/usr/local/texlive/2025basic/texmf-dist/tex/context/base/mkii/supp-pdf.mkii
[Loading MPS to PDF converter (version 2006.09.02).]
\scratchcounter=\count316
\scratchdimen=\dimen197
\scratchbox=\box63
\nofMPsegments=\count317
\nofMParguments=\count318
\everyMPshowfont=\toks31
\MPscratchCnt=\count319
\MPscratchDim=\dimen198
\MPnumerator=\count320
\makeMPintoPDFobject=\count321
\everyMPtoPDFconversion=\toks32
) (/usr/local/texlive/2025basic/texmf-dist/tex/latex/epstopdf-pkg/epstopdf-base.sty
Package: epstopdf-base 2020-01-24 v2.11 Base part for package epstopdf
Package epstopdf-base Info: Redefining graphics rule for `.eps' on input line 485.
 (/usr/local/texlive/2025basic/texmf-dist/tex/latex/latexconfig/epstopdf-sys.cfg
File: epstopdf-sys.cfg 2010/07/13 v1.3 Configuration of (r)epstopdf for TeX Live
))
Package hyperref Info: Link coloring ON on input line 47.
 (./doc_summary.out) (./doc_summary.out)
\@outlinefile=\write3
\openout3 = `doc_summary.out'.

Package caption Info: Begin \AtBeginDocument code.
Package caption Info: End \AtBeginDocument code.
LaTeX Font Info:    Trying to load font information for U+msa on input line 49.
 (/usr/local/texlive/2025basic/texmf-dist/tex/latex/amsfonts/umsa.fd
File: umsa.fd 2013/01/14 v3.01 AMS symbols A
)
LaTeX Font Info:    Trying to load font information for U+msb on input line 49.
 (/usr/local/texlive/2025basic/texmf-dist/tex/latex/amsfonts/umsb.fd
File: umsb.fd 2013/01/14 v3.01 AMS symbols B
) (./doc_summary.toc)
\tf@toc=\write4
\openout4 = `doc_summary.toc'.



[1

{/usr/local/texlive/2025basic/texmf-var/fonts/map/pdftex/updmap/pdftex.map}]
Overfull \hbox (1.45181pt too wide) in paragraph at lines 57--62
\OT1/cmr/m/n/10.95 (SC-DRS) cor-ri-dor. The corridor-wide work-flow is or-ches-trated by \OT1/cmtt/m/n/10.95 run[]SCDRS[]full[]pipeline.py
 []


Overfull \hbox (9.28818pt too wide) in paragraph at lines 105--109
\OT1/cmr/m/n/10.95 The mas-ter work-book (\OT1/cmtt/m/n/10.95 complete[]env[]taxa[]chemical[]Feb[]3.xlsx\OT1/cmr/m/n/10.95 ) is read by \OT1/cmtt/m/n/10.95 read[]study[]data()
 []



[2

]
Underfull \hbox (badness 1418) in paragraph at lines 182--182
[]|$[][]$\OT1/cmr/m/n/10.95 -transformed chem-istry: $[] =
 []


Underfull \hbox (badness 2772) in paragraph at lines 182--182
[]|\OT1/cmr/m/n/10.95 Habitat-cluster la-bel for each site
 []


Underfull \hbox (badness 10000) in paragraph at lines 182--182
[]|\OT1/cmr/m/n/10.95 NMDS or-di-na-tion co-or-di-nates
 []


Overfull \hbox (52.43707pt too wide) in paragraph at lines 202--204
[]\OT1/cmr/m/n/10.95 The in-verse used by the pipeline (\OT1/cmtt/m/n/10.95 octave[]to[]relative[]abundance() \OT1/cmr/m/n/10.95 in mod-ule \OT1/cmtt/m/n/10.95 zci.core.transforms\OT1/cmr/m/n/10.95 )
 []


Overfull \hbox (52.44534pt too wide) in paragraph at lines 215--217
[]\OT1/cmr/bx/n/10.95 Stage 2 clus-ter-ing \OT1/cmr/m/n/10.95 uses oc-tave val-ues di-rectly (iden-tity trans-form) when \OT1/cmtt/m/n/10.95 taxa[]transform="octave"
 []


Overfull \hbox (31.0076pt too wide) in paragraph at lines 222--224
[]\OT1/cmr/bx/n/10.95 RDA \OT1/cmr/m/n/10.95 can re-ceive ei-ther oc-tave or Hellinger-transformed taxa (con-fig-urable via \OT1/cmtt/m/n/10.95 taxa[]transform\OT1/cmr/m/n/10.95 ). 
 []



[3]
Overfull \hbox (8.69023pt too wide) in paragraph at lines 266--270
\OT1/cmr/m/n/10.95 contaminant ma-trix $\OT1/cmr/bx/n/10.95 C$\OT1/cmr/m/n/10.95 . The ex-act col-umn names used in the code (con-stant \OT1/cmtt/m/n/10.95 POLLUTION[]VARS[]2008
 []


Overfull \hbox (21.43643pt too wide) in paragraph at lines 273--274
[]\OT1/cmtt/m/n/10.95 Co, Al, Ni, Mn, Fe, Cr, Cu, Hg, Pb, Zn, total PCB, Cd, OCS, p,p'-DDE, As,
 []


Overfull \hbox (66.15103pt too wide) in paragraph at lines 291--293
 []\OT1/cmr/bx/n/10.95 Input.[] \OT1/cmr/m/n/10.95 Chem-i-cal block $\OT1/cmr/bx/n/10.95 C \OMS/cmsy/m/n/10.95 2 \U/msb/m/n/10.95 R[]$ \OT1/cmr/m/n/10.95 (\OT1/cmtt/m/n/10.95 extract[]block(data, "chemical", "raw")[POLLUTION[]VARS[]2008]\OT1/cmr/m/n/10.95 ). 
 []


Overfull \hbox (167.35068pt too wide) in paragraph at lines 295--297
 []\OT1/cmr/bx/n/10.95 Step 1 | Log trans-for-ma-tion.[] \OT1/cmr/m/n/10.95 Each con-cen-tra-tion is log-transformed element-wise (\OT1/cmtt/m/n/10.95 zci.core.transforms.log2[]transform\OT1/cmr/m/n/10.95 ): 
 []


Overfull \hbox (1.94003pt too wide) in paragraph at lines 321--324
[]\OT1/cmr/bx/n/10.95 Standardised scores\OT1/cmr/m/n/10.95 : each col-umn of $\OT1/cmr/bx/n/10.95 S[]$ \OT1/cmr/m/n/10.95 is min--max rescaled to $[0\OML/cmm/m/it/10.95 ; \OT1/cmr/m/n/10.95 1]$ (\OT1/cmtt/m/n/10.95 result.scores:
 []



[4]
Overfull \hbox (67.91994pt too wide) in paragraph at lines 339--342
\OT1/cmr/m/n/10.95 min--max-scaled and then summed with equal weights (\OT1/cmtt/m/n/10.95 zci.core.transforms.composite[]pollution[]score\OT1/cmr/m/n/10.95 ): 
 []


Overfull \hbox (1.63617pt too wide) in paragraph at lines 351--355
\OT1/cmtt/m/n/10.95 PC1\OT1/cmr/m/n/10.95 --\OT1/cmtt/m/n/10.95 PC$\OML/cmm/m/it/10.95 k$ \OT1/cmr/m/n/10.95 and \OT1/cmtt/m/n/10.95 Pollution[]Score\OT1/cmr/m/n/10.95 , un-der the block header \OT1/cmtt/m/n/10.95 ("01[]pollution[]assessment", "raw",
 []


Overfull \hbox (75.49173pt too wide) in paragraph at lines 385--388
\OT1/cmr/m/n/10.95 is used as-is; no nu-mer-i-cal trans-for-ma-tion is ap-plied. The func-tion \OT1/cmtt/m/n/10.95 zci.core.transforms.octave[]transform()
 []


Overfull \hbox (13.3996pt too wide) in paragraph at lines 390--393
 []\OT1/cmr/bx/n/10.95 Step 3 | Ward's hi-er-ar-chi-cal clus-ter-ing.[] \OT1/cmtt/m/n/10.95 zci.core.clustering.ward[]cluster(taxa[]ref,
 []


Overfull \hbox (2.08282pt too wide) in paragraph at lines 390--393
\OT1/cmtt/m/n/10.95 n[]clusters=$\OML/cmm/m/it/10.95 K$\OT1/cmtt/m/n/10.95 ) \OT1/cmr/m/n/10.95 per-forms ag-glom-er-a-tive clus-ter-ing with Ward's link-age (min-i-mum within-cluster
 []


Overfull \hbox (30.16081pt too wide) in paragraph at lines 407--410
 []\OT1/cmr/bx/n/10.95 Artifact writ-ten.[] \OT1/cmtt/m/n/10.95 02[]updated[]data.xlsx \OT1/cmr/m/n/10.95 | block \OT1/cmtt/m/n/10.95 ("02[]taxa[]assemblage", "raw", "Cluster")
 []



[5]
Overfull \hbox (5.80249pt too wide) in paragraph at lines 446--448
[]\OT1/cmr/m/n/10.95 The code sup-ports an op-tional pre-ANOVA trans-form con-trolled by the pa-ram-e-ter \OT1/cmtt/m/n/10.95 transform\OT1/cmr/m/n/10.95 : 
 []


Overfull \hbox (1.9492pt too wide) in paragraph at lines 462--464
[]\OT1/cmtt/m/n/10.95 02[]hindsight[]updated[]data.xlsx \OT1/cmr/m/n/10.95 | re-la-belled ar-ti-fact (block col-umn \OT1/cmtt/m/n/10.95 Cluster \OT1/cmr/m/n/10.95 up-dated). 
 []



[6]
Overfull \hbox (34.13452pt too wide) in paragraph at lines 518--520
 []\OT1/cmr/bx/n/10.95 Step 3 | Vari-able im-por-tance (Wilks' Lambda).[] \OT1/cmtt/m/n/10.95 zci.core.lda.wilks[]lambda[]importance()
 []


Overfull \hbox (4.45905pt too wide) in paragraph at lines 576--580
 []\OT1/cmr/bx/n/10.95 Artifact writ-ten.[] \OT1/cmtt/m/n/10.95 03[]updated[]data.xlsx \OT1/cmr/m/n/10.95 | block \OT1/cmtt/m/n/10.95 ("03[]lda[]classification", "raw", *)\OT1/cmr/m/n/10.95 ,
 []



[7]
Overfull \hbox (5.23683pt too wide) in paragraph at lines 600--604
\OT1/cmr/m/n/10.95 dance via \OT1/cmtt/m/n/10.95 octave[]to[]relative[]abundance() \OT1/cmr/m/n/10.95 as given in [], pro-duc-ing $\OT1/cmr/bx/n/10.95 P \OMS/cmsy/m/n/10.95 2 \U/msb/m/n/10.95 R[]$ \OT1/cmr/m/n/10.95 (\OT1/cmtt/m/n/10.95 taxa[]relabd:
 []



[8]
Overfull \hbox (7.95813pt too wide) in paragraph at lines 684--686
 []\OT1/cmr/bx/n/10.95 Step 6 | Weighted-average species scores.[] \OT1/cmtt/m/n/10.95 zci.core.nmds.weighted[]average[]scores()
 []


Overfull \hbox (144.66924pt too wide) in paragraph at lines 694--696
 []\OT1/cmr/bx/n/10.95 Step 7 | ZCI com-pu-ta-tion.[] \OT1/cmr/m/n/10.95 The pipeline cur-rently uses the \OT1/cmr/bx/n/10.95 BC-Direct \OT1/cmr/m/n/10.95 method (\OT1/cmtt/m/n/10.95 zci.core.zci[]scores.zci[]bc[]direct\OT1/cmr/m/n/10.95 )
 []


Overfull \hbox (103.50511pt too wide) in paragraph at lines 723--726
[]\OT1/cmr/m/n/10.95 ZCI--Pollution cor-re-la-tions (Pear-son and Spear-man) are com-puted via \OT1/cmtt/m/n/10.95 zci.core.zci[]scores.zci[]correlation()
 []


Overfull \hbox (51.21199pt too wide) in paragraph at lines 728--729
 []\OT1/cmr/bx/n/10.95 Alternative ZCI meth-ods (avail-able but not used by de-fault).[] \OT1/cmr/m/n/10.95 The mod-ule \OT1/cmtt/m/n/10.95 zci.core.zci[]scores
 []


Overfull \hbox (41.72133pt too wide) in paragraph at lines 750--752
 []\OT1/cmr/bx/n/10.95 Module.[] \OT1/cmtt/m/n/10.95 zci.pipeline.piecewise[]qr[]pipeline.pqr[]pipeline()\OT1/cmr/m/n/10.95 ; core in \OT1/cmtt/m/n/10.95 zci.core.piecewise[]qr\OT1/cmr/m/n/10.95 . 
 []



[9]
Overfull \hbox (3.99585pt too wide) in paragraph at lines 797--799
 []\OT1/cmr/bx/n/10.95 Wild-bootstrap con-fi-dence in-ter-vals.[] \OT1/cmtt/m/n/10.95 zci.core.piecewise[]qr.wild[]bootstrap[]ci() \OT1/cmr/m/n/10.95 fol-
 []


Overfull \hbox (6.08105pt too wide) in paragraph at lines 821--827
 []\OT1/cmr/bx/n/10.95 Note on cur-rent sta-tus.[] \OT1/cmr/m/n/10.95 In the corridor-wide run-ner (\OT1/cmtt/m/n/10.95 run[]SCDRS[]full[]pipeline.py\OT1/cmr/m/n/10.95 ), Stage 5
 []



[10]
Underfull \hbox (badness 2213) in paragraph at lines 904--906
[]|\OT1/cmr/m/n/10.95 Each en-vi-ron-men-tal vari-able in-di-vid-u-ally non-
 []



[11]
Underfull \hbox (badness 10000) in paragraph at lines 955--957
[]|\OT1/cmtt/m/n/10.95 PC1\OT1/cmr/m/n/10.95 --\OT1/cmtt/m/n/10.95 PC5\OT1/cmr/m/n/10.95 , \OT1/cmtt/m/n/10.95 Pollution[]Score\OT1/cmr/m/n/10.95 ,
 []


Underfull \hbox (badness 10000) in paragraph at lines 961--962
[]|\OT1/cmr/m/n/10.95 Original work-book +
 []


Underfull \hbox (badness 10000) in paragraph at lines 963--964
[]|\OT1/cmr/m/it/10.95 No ar-ti-fact; out-puts in
 []


Underfull \hbox (badness 10000) in paragraph at lines 967--968
[]|\OT1/cmr/m/n/10.95 Original work-book +
 []


Overfull \hbox (25.36795pt too wide) in paragraph at lines 976--977
[]|\OT1/cmtt/m/n/10.95 02[]hindsight[]updated[]data.xlsx| 
 []


Underfull \hbox (badness 10000) in paragraph at lines 980--981
[]|\OT1/cmr/m/n/10.95 Original work-book +
 []


Underfull \hbox (badness 10000) in paragraph at lines 980--981
\OT1/cmr/m/n/10.95 Stage 1 + Hind-sight
 []


Underfull \hbox (badness 10000) in paragraph at lines 981--984
[]|\OT1/cmtt/m/n/10.95 Predicted[]Cluster\OT1/cmr/m/n/10.95 ,
 []


Underfull \hbox (badness 10000) in paragraph at lines 988--989
[]|\OT1/cmr/m/n/10.95 Original work-book +
 []


Underfull \hbox (badness 3364) in paragraph at lines 994--995
[]|\OT1/cmr/m/n/10.95 Stage 1 + Stage 3 +
 []



[12

]

[13

]
Overfull \hbox (3.40443pt too wide) in paragraph at lines 1106--1110
\OT1/cmr/m/n/10.95 high pos-i-tive cor-re-la-tion sup-ports the in-ter-pre-ta-tion that the in-dex cap-tures contamination-
 []



[14]

[15]

[16]

[17] (./doc_summary.aux)
 ***********
LaTeX2e <2024-11-01> patch level 2
L3 programming layer <2025-01-18>
 ***********
Package rerunfilecheck Info: File `doc_summary.out' has not changed.
(rerunfilecheck)             Checksum: 695238BE5A6385B27CC1E2CDEB9FA1B1;5913.
 ) 
Here is how much of TeX's memory you used:
 15932 strings out of 474662
 266395 string characters out of 5751109
 685034 words of memory out of 5000000
 38577 multiletter control sequences out of 15000+600000
 570393 words of font info for 78 fonts, out of 8000000 for 9000
 319 hyphenation exceptions out of 8191
 75i,14n,79p,467b,680s stack positions out of 10000i,1000n,20000p,200000b,200000s
 </Users/gufeng/Library/texlive/2025basic/texmf-var/fonts/pk/ljfour/jknappen/ec/tcrm1095.600pk></usr/local/texlive/2025basic/texmf-dist/fonts/type1/public/amsfonts/cm/cmbx10.pfb></usr/local/texlive/2025basic/texmf-dist/fonts/type1/public/amsfonts/cm/cmbx12.pfb></usr/local/texlive/2025basic/texmf-dist/fonts/type1/public/amsfonts/cm/cmbx8.pfb></usr/local/texlive/2025basic/texmf-dist/fonts/type1/public/amsfonts/cm/cmbxti10.pfb></usr/local/texlive/2025basic/texmf-dist/fonts/type1/public/amsfonts/cm/cmex10.pfb></usr/local/texlive/2025basic/texmf-dist/fonts/type1/public/amsfonts/cm/cmitt10.pfb></usr/local/texlive/2025basic/texmf-dist/fonts/type1/public/amsfonts/cm/cmmi10.pfb></usr/local/texlive/2025basic/texmf-dist/fonts/type1/public/amsfonts/cm/cmmi6.pfb></usr/local/texlive/2025basic/texmf-dist/fonts/type1/public/amsfonts/cm/cmmi8.pfb></usr/local/texlive/2025basic/texmf-dist/fonts/type1/public/amsfonts/cm/cmmib10.pfb></usr/local/texlive/2025basic/texmf-dist/fonts/type1/public/amsfonts/cmextra/cmmib8.pfb></usr/local/texlive/2025basic/texmf-dist/fonts/type1/public/amsfonts/cm/cmr10.pfb></usr/local/texlive/2025basic/texmf-dist/fonts/type1/public/amsfonts/cm/cmr12.pfb></usr/local/texlive/2025basic/texmf-dist/fonts/type1/public/amsfonts/cm/cmr17.pfb></usr/local/texlive/2025basic/texmf-dist/fonts/type1/public/amsfonts/cm/cmr6.pfb></usr/local/texlive/2025basic/texmf-dist/fonts/type1/public/amsfonts/cm/cmr8.pfb></usr/local/texlive/2025basic/texmf-dist/fonts/type1/public/amsfonts/cm/cmsy10.pfb></usr/local/texlive/2025basic/texmf-dist/fonts/type1/public/amsfonts/cm/cmsy6.pfb></usr/local/texlive/2025basic/texmf-dist/fonts/type1/public/amsfonts/cm/cmsy8.pfb></usr/local/texlive/2025basic/texmf-dist/fonts/type1/public/amsfonts/cm/cmti10.pfb></usr/local/texlive/2025basic/texmf-dist/fonts/type1/public/amsfonts/cm/cmtt10.pfb></usr/local/texlive/2025basic/texmf-dist/fonts/type1/public/amsfonts/symbols/msbm10.pfb>
Output written on doc_summary.pdf (17 pages, 334520 bytes).
PDF statistics:
 537 PDF objects out of 1000 (max. 8388607)
 468 compressed objects within 5 object streams
 194 named destinations out of 1000 (max. 500000)
 225 words of extra memory for PDF output out of 10000 (max. 10000000)

